[11:30:17] BASELINE: RF 200, unscaled, 5 numeric + 2 categorical (expect ~0.8134)
[11:30:22] Baseline RF (CV): 0.8129 (50 folds)
[11:30:22] TASK 1: engineered feature variants (expect: none significant vs baseline)
[11:30:26] Task 1 base (expect ~0.8134): 0.8127 (50 folds)
[11:30:30] Task 1 title (expect ~0.812): 0.8120 (50 folds)
[11:30:35] Task 1 family (expect ~0.810): 0.8099 (50 folds)
[11:30:39] Task 1 deck (expect ~0.800): 0.8064 (50 folds)
[11:30:44] Task 1 famgroup (expect ~0.810): 0.8116 (50 folds)
[11:30:48] Task 1 hascabin (expect ~0.812): 0.8093 (50 folds)
[11:30:53] Task 1 title_family (expect ~0.803): 0.8076 (50 folds)
[11:30:57] Task 1 title_deck (expect ~0.804): 0.8119 (50 folds)
[11:31:02] Task 1 all (expect ~0.801): 0.8089 (50 folds)
[11:31:02] TASK 1 done.
[11:31:02] TASK 2: group-based Age imputation (expect Title x Pclass ~0.8153 accepted)
[11:31:06] Task 2 by_title (expect ~0.8103): 0.8130 (50 folds)
[11:31:06]   vs baseline: diff=+0.0001 p=0.9570
[11:31:11] Task 2 by_sex_pclass (expect ~0.8139): 0.8139 (50 folds)
[11:31:11]   vs baseline: diff=+0.0010 p=0.6408
[11:31:15] Task 2 by_title_pclass (expect ~0.8153): 0.8135 (50 folds)
[11:31:15]   vs baseline: diff=+0.0006 p=0.8190
[11:31:15] TASK 2 done.
[11:31:15] TASK 3: HistGradientBoosting variants (expect ~0.8184 / 0.8192 / 0.8203)
[11:31:20] Task 3 default_base (expect ~0.8184): 0.8182 (50 folds)
[11:31:25] Task 3 default_full (expect ~0.8192): 0.8193 (50 folds)
[11:31:39] Task 3 tuned_full (expect ~0.8203): 0.8203 (50 folds)
[11:31:39] TASK 3 done.
[11:31:39] TASK 4: soft-voting ensembles (expect ~0.8219 / 0.8210 / 0.8314 / 0.8303)
[11:32:01] Task 4 rf_hgb (expect ~0.8219): 0.8219 (50 folds)
[11:32:22] Task 4 rf_hgb_w12 (expect ~0.8210): 0.8210 (50 folds)
[11:32:45] Task 4 rf_hgb_lr (expect ~0.8314): 0.8314 (50 folds)
[11:33:08] Task 4 rf_hgb_lr_w121 (expect ~0.8303): 0.8303 (50 folds)
[11:33:08] TASK 4 done.
[11:33:08] TASK 5: stacking vs voting (expect ~0.8337 / 0.8365)
[11:35:16] Task 5 no_passthrough (expect ~0.8337): 0.8337 (50 folds)
[11:37:25] Task 5 passthrough (expect ~0.8365): 0.8365 (50 folds)
[11:37:25] TASK 5 done.
[11:37:25] TASKS 6-14: handing off to the gated pipeline
[11:37:25] TASK 6: greedy stack composition (25-fold screen -> 50-fold retest)
[11:39:35] Champion stack RF+HGB+LR (50-fold): 0.8365 (50 folds)
[11:40:39] Champion (25-fold screen): 0.8370
[11:41:53]   +xgb: 0.8388 (25-fold) diff=+0.0018 p=0.247
[11:41:53]   +xgb borderline -> 50-fold retest
[11:44:18] +xgb (retest): 0.8386 (50 folds)
[11:44:18]   gate: diff=+0.0021 t=1.84 p=0.0712 -> reject
[11:47:44]   +cat: 0.8390 (25-fold) diff=+0.0020 p=0.242
[11:47:44]   +cat borderline -> 50-fold retest
[11:52:31] +cat (retest): 0.8388 (50 folds)
[11:52:31]   gate: diff=+0.0024 t=1.74 p=0.0880 -> reject
[11:55:27]   +mlp: 0.8355 (25-fold) diff=-0.0016 p=0.245
[11:55:27]   +mlp rejected at screen
[11:56:36]   +svc: 0.8357 (25-fold) diff=-0.0013 p=0.207
[11:56:36]   +svc rejected at screen
[11:58:00]   +lgbm: 0.8384 (25-fold) diff=+0.0013 p=0.329
[11:58:00]   +lgbm rejected at screen
[11:58:00] TASK 6 done. members=['rf', 'hgb', 'lr']
[11:58:00] TASK 7: Optuna HPO for HGB and RF (screen objective, fresh-CV validation)
[I 2026-09-24 11:58:00,943] A new study created in memory with name: no-name-f0d169a8-a9c1-49ce-b3a5-9312f4bc6fce
[I 2026-09-24 11:58:10,893] Trial 0 finished with value: 0.8125394932312264 and parameters: {'learning_rate': 0.030710573677773714, 'max_iter': 1436, 'max_leaf_nodes': 48, 'min_samples_leaf': 38, 'l2_regularization': 0.004207988669606638, 'max_bins': 93}. Best is trial 0 with value: 0.8125394932312264.
[I 2026-09-24 11:58:19,297] Trial 1 finished with value: 0.833515368359383 and parameters: {'learning_rate': 0.011900590783184251, 'max_iter': 1326, 'max_leaf_nodes': 41, 'min_samples_leaf': 44, 'l2_regularization': 0.0012087541473056963, 'max_bins': 250}. Best is trial 1 with value: 0.833515368359383.
[I 2026-09-24 11:58:23,511] Trial 2 finished with value: 0.8020609712719436 and parameters: {'learning_rate': 0.12106896936002161, 'max_iter': 476, 'max_leaf_nodes': 17, 'min_samples_leaf': 15, 'l2_regularization': 0.016480446427978974, 'max_bins': 164}. Best is trial 1 with value: 0.833515368359383.
[I 2026-09-24 11:58:33,724] Trial 3 finished with value: 0.8058125666938675 and parameters: {'learning_rate': 0.03647316284911211, 'max_iter': 578, 'max_leaf_nodes': 41, 'min_samples_leaf': 12, 'l2_regularization': 0.01474275315991467, 'max_bins': 134}. Best is trial 1 with value: 0.833515368359383.
[I 2026-09-24 11:58:43,089] Trial 4 finished with value: 0.8125478626577114 and parameters: {'learning_rate': 0.03920673972242137, 'max_iter': 1221, 'max_leaf_nodes': 18, 'min_samples_leaf': 33, 'l2_regularization': 0.23423849847112907, 'max_bins': 72}. Best is trial 1 with value: 0.833515368359383.
[I 2026-09-24 11:58:45,394] Trial 5 finished with value: 0.8297700500073233 and parameters: {'learning_rate': 0.061721159481070736, 'max_iter': 421, 'max_leaf_nodes': 10, 'min_samples_leaf': 58, 'l2_regularization': 7.2866537374910445, 'max_bins': 219}. Best is trial 1 with value: 0.833515368359383.
[I 2026-09-24 11:58:48,510] Trial 6 finished with value: 0.8383738204339547 and parameters: {'learning_rate': 0.0249064396938244, 'max_iter': 327, 'max_leaf_nodes': 46, 'min_samples_leaf': 29, 'l2_regularization': 0.003077180271250686, 'max_bins': 159}. Best is trial 6 with value: 0.8383738204339547.
[I 2026-09-24 11:58:57,489] Trial 7 finished with value: 0.8256564768899214 and parameters: {'learning_rate': 0.011085122517311707, 'max_iter': 1383, 'max_leaf_nodes': 21, 'min_samples_leaf': 42, 'l2_regularization': 0.017654048052495083, 'max_bins': 163}. Best is trial 6 with value: 0.8383738204339547.
[I 2026-09-24 11:59:00,224] Trial 8 finished with value: 0.8293976105287385 and parameters: {'learning_rate': 0.05143828405076928, 'max_iter': 440, 'max_leaf_nodes': 62, 'min_samples_leaf': 48, 'l2_regularization': 5.727904470799623, 'max_bins': 235}. Best is trial 6 with value: 0.8383738204339547.
[I 2026-09-24 11:59:09,078] Trial 9 finished with value: 0.8054338501454187 and parameters: {'learning_rate': 0.059963338824126605, 'max_iter': 1399, 'max_leaf_nodes': 12, 'min_samples_leaf': 15, 'l2_regularization': 0.0015167330688076208, 'max_bins': 126}. Best is trial 6 with value: 0.8383738204339547.
[I 2026-09-24 11:59:11,115] Trial 10 finished with value: 0.8275354131358148 and parameters: {'learning_rate': 0.021207821084080435, 'max_iter': 287, 'max_leaf_nodes': 29, 'min_samples_leaf': 45, 'l2_regularization': 0.0022005886460738895, 'max_bins': 130}. Best is trial 6 with value: 0.8383738204339547.
[I 2026-09-24 11:59:20,642] Trial 11 finished with value: 0.8196597828133828 and parameters: {'learning_rate': 0.01970058711812298, 'max_iter': 1379, 'max_leaf_nodes': 48, 'min_samples_leaf': 39, 'l2_regularization': 0.0010157353994061347, 'max_bins': 248}. Best is trial 6 with value: 0.8383738204339547.
[I 2026-09-24 11:59:26,325] Trial 12 finished with value: 0.8301362124160441 and parameters: {'learning_rate': 0.021141799337089647, 'max_iter': 607, 'max_leaf_nodes': 37, 'min_samples_leaf': 28, 'l2_regularization': 0.0015410556278839737, 'max_bins': 188}. Best is trial 6 with value: 0.8383738204339547.
[I 2026-09-24 11:59:30,907] Trial 13 finished with value: 0.8346431485782438 and parameters: {'learning_rate': 0.019271336939834315, 'max_iter': 659, 'max_leaf_nodes': 36, 'min_samples_leaf': 41, 'l2_regularization': 0.03487777939817558, 'max_bins': 247}. Best is trial 6 with value: 0.8383738204339547.
[I 2026-09-24 11:59:35,835] Trial 14 finished with value: 0.8335049065762767 and parameters: {'learning_rate': 0.023163592259664724, 'max_iter': 758, 'max_leaf_nodes': 37, 'min_samples_leaf': 44, 'l2_regularization': 0.17002234489908696, 'max_bins': 241}. Best is trial 6 with value: 0.8383738204339547.
[I 2026-09-24 11:59:38,875] Trial 15 finished with value: 0.8335111836461407 and parameters: {'learning_rate': 0.010448199692981119, 'max_iter': 276, 'max_leaf_nodes': 49, 'min_samples_leaf': 25, 'l2_regularization': 0.0011222553531002254, 'max_bins': 229}. Best is trial 6 with value: 0.8383738204339547.
[I 2026-09-24 11:59:42,802] Trial 16 finished with value: 0.8256606616031636 and parameters: {'learning_rate': 0.013593050104371939, 'max_iter': 528, 'max_leaf_nodes': 47, 'min_samples_leaf': 38, 'l2_regularization': 0.015346588367368689, 'max_bins': 184}. Best is trial 6 with value: 0.8383738204339547.
[I 2026-09-24 11:59:44,573] Trial 17 finished with value: 0.8290084321971837 and parameters: {'learning_rate': 0.022157493980290908, 'max_iter': 205, 'max_leaf_nodes': 54, 'min_samples_leaf': 37, 'l2_regularization': 0.0067854063124277355, 'max_bins': 172}. Best is trial 6 with value: 0.8383738204339547.
[I 2026-09-24 11:59:50,135] Trial 18 finished with value: 0.8200259452221036 and parameters: {'learning_rate': 0.01798322170768429, 'max_iter': 298, 'max_leaf_nodes': 53, 'min_samples_leaf': 12, 'l2_regularization': 0.008125231947854913, 'max_bins': 160}. Best is trial 6 with value: 0.8383738204339547.
[I 2026-09-24 11:59:55,618] Trial 19 finished with value: 0.8271441424476387 and parameters: {'learning_rate': 0.01759564598397148, 'max_iter': 502, 'max_leaf_nodes': 54, 'min_samples_leaf': 23, 'l2_regularization': 0.020631464718505074, 'max_bins': 96}. Best is trial 6 with value: 0.8383738204339547.
[I 2026-09-24 11:59:58,173] Trial 20 finished with value: 0.8290293557633963 and parameters: {'learning_rate': 0.010641910110563977, 'max_iter': 258, 'max_leaf_nodes': 42, 'min_samples_leaf': 29, 'l2_regularization': 0.01738396778177836, 'max_bins': 152}. Best is trial 6 with value: 0.8383738204339547.
[I 2026-09-24 12:00:12,541] Trial 21 finished with value: 0.8114200824388509 and parameters: {'learning_rate': 0.01526944091617996, 'max_iter': 1349, 'max_leaf_nodes': 47, 'min_samples_leaf': 23, 'l2_regularization': 0.0012815692864688224, 'max_bins': 227}. Best is trial 6 with value: 0.8383738204339547.
[I 2026-09-24 12:00:20,853] Trial 22 finished with value: 0.8249053208628878 and parameters: {'learning_rate': 0.016059103836600423, 'max_iter': 1050, 'max_leaf_nodes': 36, 'min_samples_leaf': 34, 'l2_regularization': 0.003871217882882993, 'max_bins': 255}. Best is trial 6 with value: 0.8383738204339547.
[I 2026-09-24 12:00:23,150] Trial 23 finished with value: 0.8230452158265854 and parameters: {'learning_rate': 0.011143933292936972, 'max_iter': 322, 'max_leaf_nodes': 47, 'min_samples_leaf': 47, 'l2_regularization': 0.0033974883012934196, 'max_bins': 237}. Best is trial 6 with value: 0.8383738204339547.
[I 2026-09-24 12:00:32,993] Trial 24 finished with value: 0.8297658652940806 and parameters: {'learning_rate': 0.013367481634265231, 'max_iter': 1468, 'max_leaf_nodes': 53, 'min_samples_leaf': 41, 'l2_regularization': 0.011681845463437073, 'max_bins': 253}. Best is trial 6 with value: 0.8383738204339547.
[I 2026-09-24 12:00:38,947] Trial 25 finished with value: 0.8320193333751804 and parameters: {'learning_rate': 0.012348524730198518, 'max_iter': 952, 'max_leaf_nodes': 58, 'min_samples_leaf': 47, 'l2_regularization': 0.0024303852521329727, 'max_bins': 212}. Best is trial 6 with value: 0.8383738204339547.
[I 2026-09-24 12:00:47,648] Trial 26 finished with value: 0.8163036427928777 and parameters: {'learning_rate': 0.031757691642745084, 'max_iter': 1447, 'max_leaf_nodes': 47, 'min_samples_leaf': 47, 'l2_regularization': 0.009095096806756102, 'max_bins': 224}. Best is trial 6 with value: 0.8383738204339547.
[I 2026-09-24 12:00:52,457] Trial 27 finished with value: 0.8219090661812398 and parameters: {'learning_rate': 0.036007744730665724, 'max_iter': 476, 'max_leaf_nodes': 42, 'min_samples_leaf': 26, 'l2_regularization': 0.003334090007777237, 'max_bins': 89}. Best is trial 6 with value: 0.8383738204339547.
[I 2026-09-24 12:01:00,020] Trial 28 finished with value: 0.8286422697884627 and parameters: {'learning_rate': 0.015294721425158026, 'max_iter': 1044, 'max_leaf_nodes': 35, 'min_samples_leaf': 39, 'l2_regularization': 0.0010386362913385905, 'max_bins': 203}. Best is trial 6 with value: 0.8383738204339547.
[I 2026-09-24 12:01:07,682] Trial 29 finished with value: 0.8327600276191073 and parameters: {'learning_rate': 0.010175205140101172, 'max_iter': 1177, 'max_leaf_nodes': 48, 'min_samples_leaf': 47, 'l2_regularization': 0.004447249826683634, 'max_bins': 245}. Best is trial 6 with value: 0.8383738204339547.
[I 2026-09-24 12:01:13,008] Trial 30 finished with value: 0.8290314481200176 and parameters: {'learning_rate': 0.019032686300018642, 'max_iter': 1007, 'max_leaf_nodes': 29, 'min_samples_leaf': 58, 'l2_regularization': 0.009445400720900176, 'max_bins': 222}. Best is trial 6 with value: 0.8383738204339547.
[I 2026-09-24 12:01:15,341] Trial 31 finished with value: 0.8282761073797418 and parameters: {'learning_rate': 0.013731024336667738, 'max_iter': 233, 'max_leaf_nodes': 51, 'min_samples_leaf': 32, 'l2_regularization': 0.0011233283853593374, 'max_bins': 206}. Best is trial 6 with value: 0.8383738204339547.
[I 2026-09-24 12:01:18,048] Trial 32 finished with value: 0.8286443621450839 and parameters: {'learning_rate': 0.010836796860741264, 'max_iter': 218, 'max_leaf_nodes': 56, 'min_samples_leaf': 22, 'l2_regularization': 0.004596762156047014, 'max_bins': 233}. Best is trial 6 with value: 0.8383738204339547.
[I 2026-09-24 12:01:22,717] Trial 33 finished with value: 0.8346347791517587 and parameters: {'learning_rate': 0.01313070504909867, 'max_iter': 412, 'max_leaf_nodes': 47, 'min_samples_leaf': 23, 'l2_regularization': 0.0031851949125503245, 'max_bins': 187}. Best is trial 6 with value: 0.8383738204339547.
[I 2026-09-24 12:01:27,993] Trial 34 finished with value: 0.8368777854497521 and parameters: {'learning_rate': 0.010615522314637806, 'max_iter': 545, 'max_leaf_nodes': 56, 'min_samples_leaf': 27, 'l2_regularization': 0.002479592239612531, 'max_bins': 189}. Best is trial 6 with value: 0.8383738204339547.
[I 2026-09-24 12:01:34,743] Trial 35 finished with value: 0.8263929864206055 and parameters: {'learning_rate': 0.01500485521526934, 'max_iter': 684, 'max_leaf_nodes': 57, 'min_samples_leaf': 26, 'l2_regularization': 0.005343262895698398, 'max_bins': 213}. Best is trial 6 with value: 0.8383738204339547.
[I 2026-09-24 12:01:39,265] Trial 36 finished with value: 0.8398635783482936 and parameters: {'learning_rate': 0.010997762719171113, 'max_iter': 449, 'max_leaf_nodes': 45, 'min_samples_leaf': 26, 'l2_regularization': 0.00456196198092529, 'max_bins': 193}. Best is trial 36 with value: 0.8398635783482936.
[I 2026-09-24 12:01:45,138] Trial 37 finished with value: 0.836494884188061 and parameters: {'learning_rate': 0.012045305717941544, 'max_iter': 612, 'max_leaf_nodes': 49, 'min_samples_leaf': 27, 'l2_regularization': 0.027849308366905235, 'max_bins': 217}. Best is trial 36 with value: 0.8398635783482936.
[I 2026-09-24 12:01:49,248] Trial 38 finished with value: 0.8391270688176092 and parameters: {'learning_rate': 0.011755517656832446, 'max_iter': 446, 'max_leaf_nodes': 46, 'min_samples_leaf': 29, 'l2_regularization': 0.003130181734782281, 'max_bins': 157}. Best is trial 36 with value: 0.8398635783482936.
[I 2026-09-24 12:01:54,350] Trial 39 finished with value: 0.8305149289644926 and parameters: {'learning_rate': 0.0146345831214929, 'max_iter': 603, 'max_leaf_nodes': 46, 'min_samples_leaf': 32, 'l2_regularization': 0.0029152226242894754, 'max_bins': 156}. Best is trial 36 with value: 0.8398635783482936.
[I 2026-09-24 12:01:58,302] Trial 40 finished with value: 0.8338836231247254 and parameters: {'learning_rate': 0.010707205535528567, 'max_iter': 455, 'max_leaf_nodes': 61, 'min_samples_leaf': 32, 'l2_regularization': 0.002048099755216242, 'max_bins': 189}. Best is trial 36 with value: 0.8398635783482936.
[I 2026-09-24 12:02:03,650] Trial 41 finished with value: 0.8372439478584729 and parameters: {'learning_rate': 0.014165285943998967, 'max_iter': 568, 'max_leaf_nodes': 54, 'min_samples_leaf': 28, 'l2_regularization': 0.0029757580278345942, 'max_bins': 187}. Best is trial 36 with value: 0.8398635783482936.
[I 2026-09-24 12:02:07,366] Trial 42 finished with value: 0.8346326867951374 and parameters: {'learning_rate': 0.011683847700625626, 'max_iter': 395, 'max_leaf_nodes': 43, 'min_samples_leaf': 29, 'l2_regularization': 0.004078239133820465, 'max_bins': 208}. Best is trial 36 with value: 0.8398635783482936.
[I 2026-09-24 12:02:13,229] Trial 43 finished with value: 0.8308873684430775 and parameters: {'learning_rate': 0.01049506459289575, 'max_iter': 499, 'max_leaf_nodes': 48, 'min_samples_leaf': 21, 'l2_regularization': 0.013604791915458426, 'max_bins': 189}. Best is trial 36 with value: 0.8398635783482936.
[I 2026-09-24 12:02:16,810] Trial 44 finished with value: 0.8350072186303434 and parameters: {'learning_rate': 0.015050344114377667, 'max_iter': 389, 'max_leaf_nodes': 51, 'min_samples_leaf': 30, 'l2_regularization': 0.0013690900590275813, 'max_bins': 174}. Best is trial 36 with value: 0.8398635783482936.
[I 2026-09-24 12:02:22,038] Trial 45 finished with value: 0.8368777854497521 and parameters: {'learning_rate': 0.013071983732280544, 'max_iter': 604, 'max_leaf_nodes': 58, 'min_samples_leaf': 31, 'l2_regularization': 0.0043803303661012595, 'max_bins': 180}. Best is trial 36 with value: 0.8398635783482936.
[I 2026-09-24 12:02:24,374] Trial 46 finished with value: 0.8305253907475991 and parameters: {'learning_rate': 0.010839853458819455, 'max_iter': 244, 'max_leaf_nodes': 46, 'min_samples_leaf': 30, 'l2_regularization': 0.00480971191039889, 'max_bins': 165}. Best is trial 36 with value: 0.8398635783482936.
[I 2026-09-24 12:02:28,398] Trial 47 finished with value: 0.8383800975038186 and parameters: {'learning_rate': 0.01265383407190508, 'max_iter': 431, 'max_leaf_nodes': 44, 'min_samples_leaf': 29, 'l2_regularization': 0.008317938415299085, 'max_bins': 148}. Best is trial 36 with value: 0.8398635783482936.
[I 2026-09-24 12:02:32,082] Trial 48 finished with value: 0.8361266294227188 and parameters: {'learning_rate': 0.010211159932830815, 'max_iter': 383, 'max_leaf_nodes': 39, 'min_samples_leaf': 28, 'l2_regularization': 0.005689484621146036, 'max_bins': 152}. Best is trial 36 with value: 0.8398635783482936.
[I 2026-09-24 12:02:35,684] Trial 49 finished with value: 0.8372481325717156 and parameters: {'learning_rate': 0.014560039769785026, 'max_iter': 391, 'max_leaf_nodes': 49, 'min_samples_leaf': 30, 'l2_regularization': 0.017493555270250236, 'max_bins': 161}. Best is trial 36 with value: 0.8398635783482936.
[I 2026-09-24 12:02:39,321] Trial 50 finished with value: 0.8376247567635428 and parameters: {'learning_rate': 0.010357323755755876, 'max_iter': 343, 'max_leaf_nodes': 56, 'min_samples_leaf': 25, 'l2_regularization': 0.004841524175695185, 'max_bins': 189}. Best is trial 36 with value: 0.8398635783482936.
[I 2026-09-24 12:02:44,915] Trial 51 finished with value: 0.8316322474002471 and parameters: {'learning_rate': 0.011595998230508315, 'max_iter': 490, 'max_leaf_nodes': 51, 'min_samples_leaf': 22, 'l2_regularization': 0.004667244094485572, 'max_bins': 163}. Best is trial 36 with value: 0.8398635783482936.
[I 2026-09-24 12:02:48,717] Trial 52 finished with value: 0.831640616826732 and parameters: {'learning_rate': 0.015159572309358995, 'max_iter': 431, 'max_leaf_nodes': 44, 'min_samples_leaf': 31, 'l2_regularization': 0.011332294232382517, 'max_bins': 133}. Best is trial 36 with value: 0.8398635783482936.
[I 2026-09-24 12:02:53,335] Trial 53 finished with value: 0.8379971962421277 and parameters: {'learning_rate': 0.010444820574596768, 'max_iter': 475, 'max_leaf_nodes': 45, 'min_samples_leaf': 27, 'l2_regularization': 0.0015899317183988941, 'max_bins': 181}. Best is trial 36 with value: 0.8398635783482936.
[I 2026-09-24 12:02:58,271] Trial 54 finished with value: 0.8364990689013034 and parameters: {'learning_rate': 0.012134947077725963, 'max_iter': 399, 'max_leaf_nodes': 41, 'min_samples_leaf': 20, 'l2_regularization': 0.0022650754654880995, 'max_bins': 200}. Best is trial 36 with value: 0.8398635783482936.
[I 2026-09-24 12:03:03,806] Trial 55 finished with value: 0.8349988492038583 and parameters: {'learning_rate': 0.01315665105648954, 'max_iter': 556, 'max_leaf_nodes': 51, 'min_samples_leaf': 26, 'l2_regularization': 0.008748891368245826, 'max_bins': 178}. Best is trial 36 with value: 0.8398635783482936.
[I 2026-09-24 12:03:09,867] Trial 56 finished with value: 0.8323792187140379 and parameters: {'learning_rate': 0.011528236018436297, 'max_iter': 635, 'max_leaf_nodes': 49, 'min_samples_leaf': 27, 'l2_regularization': 0.002937906152184494, 'max_bins': 158}. Best is trial 36 with value: 0.8398635783482936.
[I 2026-09-24 12:03:12,999] Trial 57 finished with value: 0.8365074383277887 and parameters: {'learning_rate': 0.011128348231262467, 'max_iter': 282, 'max_leaf_nodes': 53, 'min_samples_leaf': 24, 'l2_regularization': 0.005628825779474011, 'max_bins': 183}. Best is trial 36 with value: 0.8398635783482936.
[I 2026-09-24 12:03:15,866] Trial 58 finished with value: 0.8353796581089281 and parameters: {'learning_rate': 0.012129456622573694, 'max_iter': 264, 'max_leaf_nodes': 47, 'min_samples_leaf': 25, 'l2_regularization': 0.012251936404231641, 'max_bins': 182}. Best is trial 36 with value: 0.8398635783482936.
[I 2026-09-24 12:03:21,107] Trial 59 finished with value: 0.8342518778900676 and parameters: {'learning_rate': 0.013804077323696318, 'max_iter': 505, 'max_leaf_nodes': 48, 'min_samples_leaf': 25, 'l2_regularization': 0.0015674150940243044, 'max_bins': 184}. Best is trial 36 with value: 0.8398635783482936.
[I 2026-09-24 12:03:21,108] A new study created in memory with name: no-name-fb20162e-0a58-4278-bf5f-640c98b55aba
[I 2026-09-24 12:03:26,585] Trial 0 finished with value: 0.81294331805913 and parameters: {'n_estimators': 425, 'max_depth': 20, 'min_samples_leaf': 22, 'max_features': 0.7190609389379257}. Best is trial 0 with value: 0.81294331805913.
[I 2026-09-24 12:03:30,619] Trial 1 finished with value: 0.8249115979327517 and parameters: {'n_estimators': 293, 'max_depth': 4, 'min_samples_leaf': 2, 'max_features': 0.9063233020424546}. Best is trial 1 with value: 0.8249115979327517.
[I 2026-09-24 12:03:40,755] Trial 2 finished with value: 0.8177996777770803 and parameters: {'n_estimators': 561, 'max_depth': 15, 'min_samples_leaf': 1, 'max_features': 0.978936896513396}. Best is trial 1 with value: 0.8249115979327517.
[I 2026-09-24 12:03:49,247] Trial 3 finished with value: 0.8305191136777352 and parameters: {'n_estimators': 700, 'max_depth': 6, 'min_samples_leaf': 6, 'max_features': 0.4283831568974037}. Best is trial 3 with value: 0.8305191136777352.
[I 2026-09-24 12:03:54,061] Trial 4 finished with value: 0.825656476889921 and parameters: {'n_estimators': 382, 'max_depth': 11, 'min_samples_leaf': 13, 'max_features': 0.5038603981386294}. Best is trial 3 with value: 0.8305191136777352.
[I 2026-09-24 12:04:00,818] Trial 5 finished with value: 0.8249074132195091 and parameters: {'n_estimators': 567, 'max_depth': 4, 'min_samples_leaf': 9, 'max_features': 0.5564532903055841}. Best is trial 3 with value: 0.8305191136777352.
[I 2026-09-24 12:04:07,595] Trial 6 finished with value: 0.8278952984746719 and parameters: {'n_estimators': 474, 'max_depth': 16, 'min_samples_leaf': 6, 'max_features': 0.6599641068895281}. Best is trial 3 with value: 0.8305191136777352.
[I 2026-09-24 12:04:13,356] Trial 7 finished with value: 0.7912393028267737 and parameters: {'n_estimators': 556, 'max_depth': 2, 'min_samples_leaf': 19, 'max_features': 0.41936688658110405}. Best is trial 3 with value: 0.8305191136777352.
[I 2026-09-24 12:04:16,525] Trial 8 finished with value: 0.8013495700207144 and parameters: {'n_estimators': 239, 'max_depth': 20, 'min_samples_leaf': 29, 'max_features': 0.8658781436815228}. Best is trial 3 with value: 0.8305191136777352.
[I 2026-09-24 12:04:20,948] Trial 9 finished with value: 0.8170443370368045 and parameters: {'n_estimators': 383, 'max_depth': 3, 'min_samples_leaf': 21, 'max_features': 0.6081067456177209}. Best is trial 3 with value: 0.8305191136777352.
[I 2026-09-24 12:04:30,618] Trial 10 finished with value: 0.8092021844203126 and parameters: {'n_estimators': 743, 'max_depth': 7, 'min_samples_leaf': 22, 'max_features': 0.8020799862458585}. Best is trial 3 with value: 0.8305191136777352.
[I 2026-09-24 12:04:39,379] Trial 11 finished with value: 0.8301445818425296 and parameters: {'n_estimators': 741, 'max_depth': 9, 'min_samples_leaf': 6, 'max_features': 0.30782750119478897}. Best is trial 3 with value: 0.8305191136777352.
[I 2026-09-24 12:04:48,208] Trial 12 finished with value: 0.8282761073797417 and parameters: {'n_estimators': 694, 'max_depth': 10, 'min_samples_leaf': 1, 'max_features': 0.3178284836307153}. Best is trial 3 with value: 0.8305191136777352.
[I 2026-09-24 12:04:57,814] Trial 13 finished with value: 0.8252819450547153 and parameters: {'n_estimators': 790, 'max_depth': 10, 'min_samples_leaf': 13, 'max_features': 0.47782918736136315}. Best is trial 3 with value: 0.8305191136777352.
[I 2026-09-24 12:05:04,176] Trial 14 finished with value: 0.8260226392986423 and parameters: {'n_estimators': 545, 'max_depth': 11, 'min_samples_leaf': 9, 'max_features': 0.3128083047342386}. Best is trial 3 with value: 0.8305191136777352.
[I 2026-09-24 12:05:12,145] Trial 15 finished with value: 0.8263908940639844 and parameters: {'n_estimators': 747, 'max_depth': 3, 'min_samples_leaf': 8, 'max_features': 0.37255157115398396}. Best is trial 3 with value: 0.8305191136777352.
[I 2026-09-24 12:05:21,021] Trial 16 finished with value: 0.8286485468583266 and parameters: {'n_estimators': 708, 'max_depth': 15, 'min_samples_leaf': 8, 'max_features': 0.4463626484480271}. Best is trial 3 with value: 0.8305191136777352.
[I 2026-09-24 12:05:27,635] Trial 17 finished with value: 0.82378172535727 and parameters: {'n_estimators': 575, 'max_depth': 11, 'min_samples_leaf': 16, 'max_features': 0.36773757104824434}. Best is trial 3 with value: 0.8305191136777352.
[I 2026-09-24 12:05:35,134] Trial 18 finished with value: 0.8256501998200574 and parameters: {'n_estimators': 651, 'max_depth': 7, 'min_samples_leaf': 9, 'max_features': 0.3412196793901025}. Best is trial 3 with value: 0.8305191136777352.
[I 2026-09-24 12:05:45,087] Trial 19 finished with value: 0.8301445818425293 and parameters: {'n_estimators': 779, 'max_depth': 7, 'min_samples_leaf': 3, 'max_features': 0.47808381603377853}. Best is trial 3 with value: 0.8305191136777352.
[I 2026-09-24 12:05:54,380] Trial 20 finished with value: 0.8342539702466888 and parameters: {'n_estimators': 693, 'max_depth': 11, 'min_samples_leaf': 3, 'max_features': 0.4727727166188528}. Best is trial 20 with value: 0.8342539702466888.
[I 2026-09-24 12:06:02,984] Trial 21 finished with value: 0.8308936455129412 and parameters: {'n_estimators': 667, 'max_depth': 11, 'min_samples_leaf': 8, 'max_features': 0.5092999827586205}. Best is trial 20 with value: 0.8342539702466888.
[I 2026-09-24 12:06:13,855] Trial 22 finished with value: 0.8350072186303433 and parameters: {'n_estimators': 760, 'max_depth': 13, 'min_samples_leaf': 3, 'max_features': 0.5980660648541775}. Best is trial 22 with value: 0.8350072186303433.
[I 2026-09-24 12:06:24,354] Trial 23 finished with value: 0.8271504195175025 and parameters: {'n_estimators': 763, 'max_depth': 11, 'min_samples_leaf': 8, 'max_features': 0.6689759252846348}. Best is trial 22 with value: 0.8350072186303433.
[I 2026-09-24 12:06:34,768] Trial 24 finished with value: 0.8346243173686524 and parameters: {'n_estimators': 696, 'max_depth': 10, 'min_samples_leaf': 1, 'max_features': 0.6408684725763671}. Best is trial 22 with value: 0.8350072186303433.
[I 2026-09-24 12:06:44,124] Trial 25 finished with value: 0.8308873684430775 and parameters: {'n_estimators': 688, 'max_depth': 8, 'min_samples_leaf': 3, 'max_features': 0.5697163428756657}. Best is trial 22 with value: 0.8350072186303433.
[I 2026-09-24 12:06:55,590] Trial 26 finished with value: 0.8211579101542067 and parameters: {'n_estimators': 725, 'max_depth': 16, 'min_samples_leaf': 1, 'max_features': 0.6842722080582007}. Best is trial 22 with value: 0.8350072186303433.
[I 2026-09-24 12:07:04,985] Trial 27 finished with value: 0.8249053208628879 and parameters: {'n_estimators': 724, 'max_depth': 13, 'min_samples_leaf': 11, 'max_features': 0.5992304190253364}. Best is trial 22 with value: 0.8350072186303433.
[I 2026-09-24 12:07:15,611] Trial 28 finished with value: 0.8237817253572698 and parameters: {'n_estimators': 729, 'max_depth': 13, 'min_samples_leaf': 1, 'max_features': 0.5217715021461826}. Best is trial 22 with value: 0.8350072186303433.
[I 2026-09-24 12:07:22,746] Trial 29 finished with value: 0.8312619002782835 and parameters: {'n_estimators': 561, 'max_depth': 10, 'min_samples_leaf': 6, 'max_features': 0.44622600756294306}. Best is trial 22 with value: 0.8350072186303433.
[I 2026-09-24 12:07:32,748] Trial 30 finished with value: 0.8338836231247255 and parameters: {'n_estimators': 786, 'max_depth': 16, 'min_samples_leaf': 3, 'max_features': 0.3747560281681473}. Best is trial 22 with value: 0.8350072186303433.
[I 2026-09-24 12:07:42,813] Trial 31 finished with value: 0.8331345594543136 and parameters: {'n_estimators': 796, 'max_depth': 15, 'min_samples_leaf': 3, 'max_features': 0.35704362649545857}. Best is trial 22 with value: 0.8350072186303433.
[I 2026-09-24 12:07:54,035] Trial 32 finished with value: 0.8327579352624862 and parameters: {'n_estimators': 799, 'max_depth': 14, 'min_samples_leaf': 4, 'max_features': 0.5971042777711533}. Best is trial 22 with value: 0.8350072186303433.
[I 2026-09-24 12:08:02,409] Trial 33 finished with value: 0.8342560626033102 and parameters: {'n_estimators': 605, 'max_depth': 14, 'min_samples_leaf': 2, 'max_features': 0.47931173227407753}. Best is trial 22 with value: 0.8350072186303433.
[I 2026-09-24 12:08:11,208] Trial 34 finished with value: 0.8320109639486956 and parameters: {'n_estimators': 625, 'max_depth': 14, 'min_samples_leaf': 4, 'max_features': 0.5885342666424344}. Best is trial 22 with value: 0.8350072186303433.
[I 2026-09-24 12:08:19,934] Trial 35 finished with value: 0.83051074425125 and parameters: {'n_estimators': 645, 'max_depth': 13, 'min_samples_leaf': 4, 'max_features': 0.5061912632592889}. Best is trial 22 with value: 0.8350072186303433.
[I 2026-09-24 12:08:29,547] Trial 36 finished with value: 0.8342602473165527 and parameters: {'n_estimators': 654, 'max_depth': 8, 'min_samples_leaf': 2, 'max_features': 0.7110470969575028}. Best is trial 22 with value: 0.8350072186303433.
[I 2026-09-24 12:08:37,531] Trial 37 finished with value: 0.8308915531563199 and parameters: {'n_estimators': 626, 'max_depth': 14, 'min_samples_leaf': 2, 'max_features': 0.3444838231711077}. Best is trial 22 with value: 0.8350072186303433.
[I 2026-09-24 12:08:47,365] Trial 38 finished with value: 0.8301403971292867 and parameters: {'n_estimators': 694, 'max_depth': 7, 'min_samples_leaf': 5, 'max_features': 0.756025644207909}. Best is trial 22 with value: 0.8350072186303433.
[I 2026-09-24 12:08:55,347] Trial 39 finished with value: 0.8353754733956856 and parameters: {'n_estimators': 598, 'max_depth': 17, 'min_samples_leaf': 3, 'max_features': 0.44002922339754275}. Best is trial 39 with value: 0.8353754733956856.
[12:08:55] HPO best screen: HGB 0.8399 {'learning_rate': 0.010997762719171113, 'max_iter': 449, 'max_leaf_nodes': 45, 'min_samples_leaf': 26, 'l2_regularization': 0.00456196198092529, 'max_bins': 193} | RF 0.8354 {'n_estimators': 598, 'max_depth': 17, 'min_samples_leaf': 3, 'max_features': 0.44002922339754275}
[12:09:23] FRESH 50-fold hgb: untuned 0.8176 tuned 0.8336 diff=+0.0159 p=0.0000 -> ACCEPT
[12:09:59] FRESH 50-fold rf: untuned 0.8085 tuned 0.8310 diff=+0.0224 p=0.0000 -> ACCEPT
[12:13:45] champion with tuned HGB/RF: 0.8337 (50 folds)
[12:13:45]   gate: diff=-0.0028 t=-1.51 p=0.1369 -> reject
[12:18:17] Champion with shipped CHAMPION_TUNED params (reference, expect ~0.8370): 0.8370 (50 folds)
[12:18:17] TASK 7 done.
[12:18:17] TASK 8: seed averaging (5 seeds, staged: 25-fold screen -> 50-fold confirm)
[12:20:11] Champion refresh (25-fold): 0.8332
[12:26:58]   seed-avg x5 rf: 0.8334 (25-fold) diff=+0.0002 p=0.664
[12:26:58]   seed-avg rf rejected at screen
[12:31:24]   seed-avg x5 hgb: 0.8332 (25-fold) diff=+0.0000 p=nan
[12:31:24]   seed-avg hgb rejected at screen
[12:31:24] TASK 8 done.
[12:31:24] TASK 9: ticket group features
[12:35:33] +TicketGroupSize, TicketPrefix: 0.8334 (50 folds)
[12:35:33]   gate: diff=-0.0030 t=-1.69 p=0.0977 -> reject
[12:35:33] TASK 9 done.
[12:35:33] TASK 10: fare per person
[12:35:33]   skipped: requires TicketGroupSize (task 9 rejected)
[12:35:33] TASK 10 done.
[12:35:33] TASK 11: IterativeImputer for numerics
[12:39:21] iterative imputation: 0.8345 (50 folds)
[12:39:21]   gate: diff=-0.0020 t=-0.96 p=0.3422 -> reject
[12:39:21] TASK 11 done.
[12:39:21] TASK 12: target encoding of TicketPrefix
[12:39:21]   skipped: ticket features not in champion
[12:39:21] TASK 12 done.
[12:39:21] TASK 13: hygiene (Fare<=0 -> NaN)
[12:43:08] hygiene fares: 0.8343 (50 folds)
[12:43:08]   gate: diff=-0.0021 t=-1.20 p=0.2374 -> reject
[12:43:08] TASK 13 done.
[12:43:08] TASK 14: nested CV with inner HPO (15 trials, seeded sampler)
[I 2026-09-24 12:43:08,118] A new study created in memory with name: no-name-0588ec95-c5bf-4f48-98cc-adf401e42339
[I 2026-09-24 12:43:16,563] Trial 0 finished with value: 0.7930693719426113 and parameters: {'learning_rate': 0.030710573677773714, 'max_iter': 1436, 'max_leaf_nodes': 48, 'min_samples_leaf': 38, 'l2_regularization': 0.004207988669606638, 'max_bins': 93}. Best is trial 0 with value: 0.7930693719426113.
[I 2026-09-24 12:43:23,624] Trial 1 finished with value: 0.8141271873666241 and parameters: {'learning_rate': 0.011900590783184251, 'max_iter': 1326, 'max_leaf_nodes': 41, 'min_samples_leaf': 44, 'l2_regularization': 0.0012087541473056963, 'max_bins': 250}. Best is trial 1 with value: 0.8141271873666241.
[I 2026-09-24 12:43:27,818] Trial 2 finished with value: 0.7752683935782527 and parameters: {'learning_rate': 0.12106896936002161, 'max_iter': 476, 'max_leaf_nodes': 17, 'min_samples_leaf': 15, 'l2_regularization': 0.016480446427978974, 'max_bins': 164}. Best is trial 1 with value: 0.8141271873666241.
[I 2026-09-24 12:43:36,605] Trial 3 finished with value: 0.7851176992022062 and parameters: {'learning_rate': 0.03647316284911211, 'max_iter': 578, 'max_leaf_nodes': 41, 'min_samples_leaf': 12, 'l2_regularization': 0.01474275315991467, 'max_bins': 134}. Best is trial 1 with value: 0.8141271873666241.
[I 2026-09-24 12:43:44,468] Trial 4 finished with value: 0.7911881545684362 and parameters: {'learning_rate': 0.03920673972242137, 'max_iter': 1221, 'max_leaf_nodes': 18, 'min_samples_leaf': 33, 'l2_regularization': 0.23423849847112907, 'max_bins': 72}. Best is trial 1 with value: 0.8141271873666241.
[I 2026-09-24 12:43:46,536] Trial 5 finished with value: 0.8112840211431761 and parameters: {'learning_rate': 0.061721159481070736, 'max_iter': 421, 'max_leaf_nodes': 10, 'min_samples_leaf': 58, 'l2_regularization': 7.2866537374910445, 'max_bins': 219}. Best is trial 1 with value: 0.8141271873666241.
[I 2026-09-24 12:43:49,287] Trial 6 finished with value: 0.8061787977280936 and parameters: {'learning_rate': 0.0249064396938244, 'max_iter': 327, 'max_leaf_nodes': 46, 'min_samples_leaf': 29, 'l2_regularization': 0.003077180271250686, 'max_bins': 159}. Best is trial 1 with value: 0.8141271873666241.
[I 2026-09-24 12:43:57,061] Trial 7 finished with value: 0.8178699235037264 and parameters: {'learning_rate': 0.011085122517311707, 'max_iter': 1383, 'max_leaf_nodes': 21, 'min_samples_leaf': 42, 'l2_regularization': 0.017654048052495083, 'max_bins': 163}. Best is trial 7 with value: 0.8178699235037264.
[I 2026-09-24 12:43:59,390] Trial 8 finished with value: 0.8089563019140484 and parameters: {'learning_rate': 0.05143828405076928, 'max_iter': 440, 'max_leaf_nodes': 62, 'min_samples_leaf': 48, 'l2_regularization': 5.727904470799623, 'max_bins': 235}. Best is trial 7 with value: 0.8178699235037264.
[I 2026-09-24 12:44:08,186] Trial 9 finished with value: 0.7757444433500772 and parameters: {'learning_rate': 0.059963338824126605, 'max_iter': 1399, 'max_leaf_nodes': 12, 'min_samples_leaf': 15, 'l2_regularization': 0.0015167330688076208, 'max_bins': 126}. Best is trial 7 with value: 0.8178699235037264.
[I 2026-09-24 12:44:14,267] Trial 10 finished with value: 0.8178666404018516 and parameters: {'learning_rate': 0.01325811418704915, 'max_iter': 1373, 'max_leaf_nodes': 7, 'min_samples_leaf': 13, 'l2_regularization': 0.001898216490282297, 'max_bins': 228}. Best is trial 7 with value: 0.8178699235037264.
[I 2026-09-24 12:44:22,182] Trial 11 finished with value: 0.8113234183656719 and parameters: {'learning_rate': 0.013535101345833488, 'max_iter': 1452, 'max_leaf_nodes': 10, 'min_samples_leaf': 36, 'l2_regularization': 0.00135388457433021, 'max_bins': 239}. Best is trial 7 with value: 0.8178699235037264.
[I 2026-09-24 12:44:28,397] Trial 12 finished with value: 0.8150563051971502 and parameters: {'learning_rate': 0.014012141817956042, 'max_iter': 1186, 'max_leaf_nodes': 10, 'min_samples_leaf': 45, 'l2_regularization': 0.0027898831613591447, 'max_bins': 140}. Best is trial 7 with value: 0.8178699235037264.
[I 2026-09-24 12:44:35,813] Trial 13 finished with value: 0.8000787944449919 and parameters: {'learning_rate': 0.015376047313183894, 'max_iter': 1076, 'max_leaf_nodes': 13, 'min_samples_leaf': 11, 'l2_regularization': 0.0035829045473472496, 'max_bins': 181}. Best is trial 7 with value: 0.8178699235037264.
[I 2026-09-24 12:44:46,965] Trial 14 finished with value: 0.7935355724088119 and parameters: {'learning_rate': 0.0192802648313474, 'max_iter': 1251, 'max_leaf_nodes': 23, 'min_samples_leaf': 23, 'l2_regularization': 0.013827785072813873, 'max_bins': 204}. Best is trial 7 with value: 0.8178699235037264.
[12:44:52]   outer fold 0: 0.8603
[I 2026-09-24 12:44:52,999] A new study created in memory with name: no-name-8cacc1f8-fdf5-4f59-87f9-bff45dd25c52
[I 2026-09-24 12:45:01,331] Trial 0 finished with value: 0.815850815850816 and parameters: {'learning_rate': 0.030710573677773714, 'max_iter': 1436, 'max_leaf_nodes': 48, 'min_samples_leaf': 38, 'l2_regularization': 0.004207988669606638, 'max_bins': 93}. Best is trial 0 with value: 0.815850815850816.
[I 2026-09-24 12:45:08,319] Trial 1 finished with value: 0.8317213303128796 and parameters: {'learning_rate': 0.011900590783184251, 'max_iter': 1326, 'max_leaf_nodes': 41, 'min_samples_leaf': 44, 'l2_regularization': 0.0012087541473056963, 'max_bins': 250}. Best is trial 1 with value: 0.8317213303128796.
[I 2026-09-24 12:45:12,483] Trial 2 finished with value: 0.7971174365540564 and parameters: {'learning_rate': 0.12106896936002161, 'max_iter': 476, 'max_leaf_nodes': 17, 'min_samples_leaf': 15, 'l2_regularization': 0.016480446427978974, 'max_bins': 164}. Best is trial 1 with value: 0.8317213303128796.
[I 2026-09-24 12:45:21,195] Trial 3 finished with value: 0.806464427591188 and parameters: {'learning_rate': 0.03647316284911211, 'max_iter': 578, 'max_leaf_nodes': 41, 'min_samples_leaf': 12, 'l2_regularization': 0.01474275315991467, 'max_bins': 134}. Best is trial 1 with value: 0.8317213303128796.
[I 2026-09-24 12:45:29,025] Trial 4 finished with value: 0.8111658294756887 and parameters: {'learning_rate': 0.03920673972242137, 'max_iter': 1221, 'max_leaf_nodes': 18, 'min_samples_leaf': 33, 'l2_regularization': 0.23423849847112907, 'max_bins': 72}. Best is trial 1 with value: 0.8317213303128796.
[I 2026-09-24 12:45:31,016] Trial 5 finished with value: 0.832197380084704 and parameters: {'learning_rate': 0.061721159481070736, 'max_iter': 421, 'max_leaf_nodes': 10, 'min_samples_leaf': 58, 'l2_regularization': 7.2866537374910445, 'max_bins': 219}. Best is trial 5 with value: 0.832197380084704.
[I 2026-09-24 12:45:33,642] Trial 6 finished with value: 0.8331363472208543 and parameters: {'learning_rate': 0.0249064396938244, 'max_iter': 327, 'max_leaf_nodes': 46, 'min_samples_leaf': 29, 'l2_regularization': 0.003077180271250686, 'max_bins': 159}. Best is trial 6 with value: 0.8331363472208543.
[I 2026-09-24 12:45:41,108] Trial 7 finished with value: 0.8340753143570045 and parameters: {'learning_rate': 0.011085122517311707, 'max_iter': 1383, 'max_leaf_nodes': 21, 'min_samples_leaf': 42, 'l2_regularization': 0.017654048052495083, 'max_bins': 163}. Best is trial 7 with value: 0.8340753143570045.
[I 2026-09-24 12:45:43,393] Trial 8 finished with value: 0.8284546439476017 and parameters: {'learning_rate': 0.05143828405076928, 'max_iter': 440, 'max_leaf_nodes': 62, 'min_samples_leaf': 48, 'l2_regularization': 5.727904470799623, 'max_bins': 235}. Best is trial 7 with value: 0.8340753143570045.
[I 2026-09-24 12:45:52,191] Trial 9 finished with value: 0.7942939689418561 and parameters: {'learning_rate': 0.059963338824126605, 'max_iter': 1399, 'max_leaf_nodes': 12, 'min_samples_leaf': 15, 'l2_regularization': 0.0015167330688076208, 'max_bins': 126}. Best is trial 7 with value: 0.8340753143570045.
[I 2026-09-24 12:45:58,064] Trial 10 finished with value: 0.8275189599133262 and parameters: {'learning_rate': 0.01325811418704915, 'max_iter': 1373, 'max_leaf_nodes': 7, 'min_samples_leaf': 13, 'l2_regularization': 0.001898216490282297, 'max_bins': 228}. Best is trial 7 with value: 0.8340753143570045.
[I 2026-09-24 12:46:03,195] Trial 11 finished with value: 0.8326504481434058 and parameters: {'learning_rate': 0.017788907182044764, 'max_iter': 739, 'max_leaf_nodes': 60, 'min_samples_leaf': 32, 'l2_regularization': 0.0037214549618190336, 'max_bins': 186}. Best is trial 7 with value: 0.8340753143570045.
[I 2026-09-24 12:46:05,279] Trial 12 finished with value: 0.8340753143570045 and parameters: {'learning_rate': 0.013740942811384854, 'max_iter': 358, 'max_leaf_nodes': 9, 'min_samples_leaf': 39, 'l2_regularization': 0.01918978327465332, 'max_bins': 141}. Best is trial 7 with value: 0.8340753143570045.
[I 2026-09-24 12:46:06,996] Trial 13 finished with value: 0.8251945237860732 and parameters: {'learning_rate': 0.011529653079497916, 'max_iter': 279, 'max_leaf_nodes': 11, 'min_samples_leaf': 45, 'l2_regularization': 0.018443781255914712, 'max_bins': 99}. Best is trial 7 with value: 0.8340753143570045.
[I 2026-09-24 12:46:14,466] Trial 14 finished with value: 0.8279687448701533 and parameters: {'learning_rate': 0.012650147444693166, 'max_iter': 1188, 'max_leaf_nodes': 20, 'min_samples_leaf': 35, 'l2_regularization': 0.03903099279284429, 'max_bins': 202}. Best is trial 7 with value: 0.8340753143570045.
[12:46:20]   outer fold 1: 0.8258
[I 2026-09-24 12:46:20,619] A new study created in memory with name: no-name-a3729e18-6106-48c6-a3d3-cfa2826d8802
[I 2026-09-24 12:46:29,141] Trial 0 finished with value: 0.8143898355165962 and parameters: {'learning_rate': 0.030710573677773714, 'max_iter': 1436, 'max_leaf_nodes': 48, 'min_samples_leaf': 38, 'l2_regularization': 0.004207988669606638, 'max_bins': 93}. Best is trial 0 with value: 0.8143898355165962.
[I 2026-09-24 12:46:36,298] Trial 1 finished with value: 0.8241964608161791 and parameters: {'learning_rate': 0.011900590783184251, 'max_iter': 1326, 'max_leaf_nodes': 41, 'min_samples_leaf': 44, 'l2_regularization': 0.0012087541473056963, 'max_bins': 250}. Best is trial 1 with value: 0.8241964608161791.
[I 2026-09-24 12:46:40,480] Trial 2 finished with value: 0.8101874651170425 and parameters: {'learning_rate': 0.12106896936002161, 'max_iter': 476, 'max_leaf_nodes': 17, 'min_samples_leaf': 15, 'l2_regularization': 0.016480446427978974, 'max_bins': 164}. Best is trial 1 with value: 0.8241964608161791.
[I 2026-09-24 12:46:49,230] Trial 3 finished with value: 0.8153189533471221 and parameters: {'learning_rate': 0.03647316284911211, 'max_iter': 578, 'max_leaf_nodes': 41, 'min_samples_leaf': 12, 'l2_regularization': 0.01474275315991467, 'max_bins': 134}. Best is trial 1 with value: 0.8241964608161791.
[I 2026-09-24 12:46:57,128] Trial 4 finished with value: 0.8134607176860698 and parameters: {'learning_rate': 0.03920673972242137, 'max_iter': 1221, 'max_leaf_nodes': 18, 'min_samples_leaf': 33, 'l2_regularization': 0.23423849847112907, 'max_bins': 72}. Best is trial 1 with value: 0.8241964608161791.
[I 2026-09-24 12:46:59,108] Trial 5 finished with value: 0.8293312321481335 and parameters: {'learning_rate': 0.061721159481070736, 'max_iter': 421, 'max_leaf_nodes': 10, 'min_samples_leaf': 58, 'l2_regularization': 7.2866537374910445, 'max_bins': 219}. Best is trial 5 with value: 0.8293312321481335.
[I 2026-09-24 12:47:01,727] Trial 6 finished with value: 0.8274729964870808 and parameters: {'learning_rate': 0.0249064396938244, 'max_iter': 327, 'max_leaf_nodes': 46, 'min_samples_leaf': 29, 'l2_regularization': 0.003077180271250686, 'max_bins': 159}. Best is trial 5 with value: 0.8293312321481335.
[I 2026-09-24 12:47:09,230] Trial 7 finished with value: 0.826071111986605 and parameters: {'learning_rate': 0.011085122517311707, 'max_iter': 1383, 'max_leaf_nodes': 21, 'min_samples_leaf': 42, 'l2_regularization': 0.017654048052495083, 'max_bins': 163}. Best is trial 5 with value: 0.8293312321481335.
[I 2026-09-24 12:47:11,559] Trial 8 finished with value: 0.8279359138514069 and parameters: {'learning_rate': 0.05143828405076928, 'max_iter': 440, 'max_leaf_nodes': 62, 'min_samples_leaf': 48, 'l2_regularization': 5.727904470799623, 'max_bins': 235}. Best is trial 5 with value: 0.8293312321481335.
[I 2026-09-24 12:47:20,389] Trial 9 finished with value: 0.8110936012344463 and parameters: {'learning_rate': 0.059963338824126605, 'max_iter': 1399, 'max_leaf_nodes': 12, 'min_samples_leaf': 15, 'l2_regularization': 0.0015167330688076208, 'max_bins': 126}. Best is trial 5 with value: 0.8293312321481335.
[I 2026-09-24 12:47:22,528] Trial 10 finished with value: 0.8120555500837192 and parameters: {'learning_rate': 0.19166084540609485, 'max_iter': 414, 'max_leaf_nodes': 19, 'min_samples_leaf': 53, 'l2_regularization': 0.6698181386932585, 'max_bins': 181}. Best is trial 5 with value: 0.8293312321481335.
[I 2026-09-24 12:47:25,689] Trial 11 finished with value: 0.8213992580189763 and parameters: {'learning_rate': 0.08031879473491466, 'max_iter': 714, 'max_leaf_nodes': 43, 'min_samples_leaf': 59, 'l2_regularization': 2.7856488040219944, 'max_bins': 252}. Best is trial 5 with value: 0.8293312321481335.
[I 2026-09-24 12:47:28,898] Trial 12 finished with value: 0.8274762795889556 and parameters: {'learning_rate': 0.030501300343626424, 'max_iter': 666, 'max_leaf_nodes': 12, 'min_samples_leaf': 53, 'l2_regularization': 2.2170343792525133, 'max_bins': 250}. Best is trial 5 with value: 0.8293312321481335.
[I 2026-09-24 12:47:30,947] Trial 13 finished with value: 0.8256246101316524 and parameters: {'learning_rate': 0.08182320174108075, 'max_iter': 348, 'max_leaf_nodes': 50, 'min_samples_leaf': 43, 'l2_regularization': 4.4938322907194115, 'max_bins': 214}. Best is trial 5 with value: 0.8293312321481335.
[I 2026-09-24 12:47:33,881] Trial 14 finished with value: 0.8190715387898486 and parameters: {'learning_rate': 0.05283630855394973, 'max_iter': 579, 'max_leaf_nodes': 62, 'min_samples_leaf': 50, 'l2_regularization': 0.9945270623483505, 'max_bins': 177}. Best is trial 5 with value: 0.8293312321481335.
[12:47:37]   outer fold 2: 0.8034
[I 2026-09-24 12:47:37,626] A new study created in memory with name: no-name-242cbfb6-27d8-43fa-9465-01464cea76f1
[I 2026-09-24 12:47:46,125] Trial 0 finished with value: 0.8036376768771135 and parameters: {'learning_rate': 0.030710573677773714, 'max_iter': 1436, 'max_leaf_nodes': 48, 'min_samples_leaf': 38, 'l2_regularization': 0.004207988669606638, 'max_bins': 93}. Best is trial 0 with value: 0.8036376768771135.
[I 2026-09-24 12:47:53,243] Trial 1 finished with value: 0.8181063068387012 and parameters: {'learning_rate': 0.011900590783184251, 'max_iter': 1326, 'max_leaf_nodes': 41, 'min_samples_leaf': 44, 'l2_regularization': 0.0012087541473056963, 'max_bins': 250}. Best is trial 1 with value: 0.8181063068387012.
[I 2026-09-24 12:47:57,483] Trial 2 finished with value: 0.785449292491546 and parameters: {'learning_rate': 0.12106896936002161, 'max_iter': 476, 'max_leaf_nodes': 17, 'min_samples_leaf': 15, 'l2_regularization': 0.016480446427978974, 'max_bins': 164}. Best is trial 1 with value: 0.8181063068387012.
[I 2026-09-24 12:48:06,381] Trial 3 finished with value: 0.798043271282708 and parameters: {'learning_rate': 0.03647316284911211, 'max_iter': 578, 'max_leaf_nodes': 41, 'min_samples_leaf': 12, 'l2_regularization': 0.01474275315991467, 'max_bins': 134}. Best is trial 1 with value: 0.8181063068387012.
[I 2026-09-24 12:48:14,265] Trial 4 finished with value: 0.7952427853836305 and parameters: {'learning_rate': 0.03920673972242137, 'max_iter': 1221, 'max_leaf_nodes': 18, 'min_samples_leaf': 33, 'l2_regularization': 0.23423849847112907, 'max_bins': 72}. Best is trial 1 with value: 0.8181063068387012.
[I 2026-09-24 12:48:16,353] Trial 5 finished with value: 0.8237105617387308 and parameters: {'learning_rate': 0.061721159481070736, 'max_iter': 421, 'max_leaf_nodes': 10, 'min_samples_leaf': 58, 'l2_regularization': 7.2866537374910445, 'max_bins': 219}. Best is trial 5 with value: 0.8237105617387308.
[I 2026-09-24 12:48:19,040] Trial 6 finished with value: 0.8218687415870515 and parameters: {'learning_rate': 0.0249064396938244, 'max_iter': 327, 'max_leaf_nodes': 46, 'min_samples_leaf': 29, 'l2_regularization': 0.003077180271250686, 'max_bins': 159}. Best is trial 5 with value: 0.8237105617387308.
[I 2026-09-24 12:48:26,500] Trial 7 finished with value: 0.8185757904067764 and parameters: {'learning_rate': 0.011085122517311707, 'max_iter': 1383, 'max_leaf_nodes': 21, 'min_samples_leaf': 42, 'l2_regularization': 0.017654048052495083, 'max_bins': 163}. Best is trial 5 with value: 0.8237105617387308.
[I 2026-09-24 12:48:28,793] Trial 8 finished with value: 0.8213762763058537 and parameters: {'learning_rate': 0.05143828405076928, 'max_iter': 440, 'max_leaf_nodes': 62, 'min_samples_leaf': 48, 'l2_regularization': 5.727904470799623, 'max_bins': 235}. Best is trial 5 with value: 0.8237105617387308.
[I 2026-09-24 12:48:37,570] Trial 9 finished with value: 0.7873502084769689 and parameters: {'learning_rate': 0.059963338824126605, 'max_iter': 1399, 'max_leaf_nodes': 12, 'min_samples_leaf': 15, 'l2_regularization': 0.0015167330688076208, 'max_bins': 126}. Best is trial 5 with value: 0.8237105617387308.
[I 2026-09-24 12:48:39,689] Trial 10 finished with value: 0.809711415345218 and parameters: {'learning_rate': 0.19166084540609485, 'max_iter': 414, 'max_leaf_nodes': 19, 'min_samples_leaf': 53, 'l2_regularization': 0.6698181386932585, 'max_bins': 181}. Best is trial 5 with value: 0.8237105617387308.
[I 2026-09-24 12:48:42,764] Trial 11 finished with value: 0.8265373124528054 and parameters: {'learning_rate': 0.04549252521747212, 'max_iter': 525, 'max_leaf_nodes': 10, 'min_samples_leaf': 31, 'l2_regularization': 4.625327138355236, 'max_bins': 185}. Best is trial 11 with value: 0.8265373124528054.
[I 2026-09-24 12:48:44,405] Trial 12 finished with value: 0.8237499589612266 and parameters: {'learning_rate': 0.0733088203012861, 'max_iter': 273, 'max_leaf_nodes': 9, 'min_samples_leaf': 36, 'l2_regularization': 8.007524115230005, 'max_bins': 242}. Best is trial 11 with value: 0.8265373124528054.
[I 2026-09-24 12:48:47,412] Trial 13 finished with value: 0.8251387110542041 and parameters: {'learning_rate': 0.05064223950992398, 'max_iter': 436, 'max_leaf_nodes': 14, 'min_samples_leaf': 31, 'l2_regularization': 6.027388331020701, 'max_bins': 239}. Best is trial 11 with value: 0.8265373124528054.
[I 2026-09-24 12:48:51,372] Trial 14 finished with value: 0.8120325683705966 and parameters: {'learning_rate': 0.051879994153253374, 'max_iter': 561, 'max_leaf_nodes': 27, 'min_samples_leaf': 30, 'l2_regularization': 3.3649649949877247, 'max_bins': 215}. Best is trial 11 with value: 0.8265373124528054.
[12:48:55]   outer fold 3: 0.8596
[I 2026-09-24 12:48:55,549] A new study created in memory with name: no-name-a3e1fae7-9d64-4df8-b278-c1257c703fd3
[I 2026-09-24 12:49:03,886] Trial 0 finished with value: 0.8167503857644701 and parameters: {'learning_rate': 0.030710573677773714, 'max_iter': 1436, 'max_leaf_nodes': 48, 'min_samples_leaf': 38, 'l2_regularization': 0.004207988669606638, 'max_bins': 93}. Best is trial 0 with value: 0.8167503857644701.
[I 2026-09-24 12:49:10,931] Trial 1 finished with value: 0.8279588955645294 and parameters: {'learning_rate': 0.011900590783184251, 'max_iter': 1326, 'max_leaf_nodes': 41, 'min_samples_leaf': 44, 'l2_regularization': 0.0012087541473056963, 'max_bins': 250}. Best is trial 1 with value: 0.8279588955645294.
[I 2026-09-24 12:49:15,113] Trial 2 finished with value: 0.8022653402935093 and parameters: {'learning_rate': 0.12106896936002161, 'max_iter': 476, 'max_leaf_nodes': 17, 'min_samples_leaf': 15, 'l2_regularization': 0.016480446427978974, 'max_bins': 164}. Best is trial 1 with value: 0.8279588955645294.
[I 2026-09-24 12:49:23,842] Trial 3 finished with value: 0.8069700252798845 and parameters: {'learning_rate': 0.03647316284911211, 'max_iter': 578, 'max_leaf_nodes': 41, 'min_samples_leaf': 12, 'l2_regularization': 0.01474275315991467, 'max_bins': 134}. Best is trial 1 with value: 0.8279588955645294.
[I 2026-09-24 12:49:31,705] Trial 4 finished with value: 0.8158278341376932 and parameters: {'learning_rate': 0.03920673972242137, 'max_iter': 1221, 'max_leaf_nodes': 18, 'min_samples_leaf': 33, 'l2_regularization': 0.23423849847112907, 'max_bins': 72}. Best is trial 1 with value: 0.8279588955645294.
[I 2026-09-24 12:49:33,688] Trial 5 finished with value: 0.8256049115204044 and parameters: {'learning_rate': 0.061721159481070736, 'max_iter': 421, 'max_leaf_nodes': 10, 'min_samples_leaf': 58, 'l2_regularization': 7.2866537374910445, 'max_bins': 219}. Best is trial 1 with value: 0.8279588955645294.
[I 2026-09-24 12:49:36,302] Trial 6 finished with value: 0.8293640631668802 and parameters: {'learning_rate': 0.0249064396938244, 'max_iter': 327, 'max_leaf_nodes': 46, 'min_samples_leaf': 29, 'l2_regularization': 0.003077180271250686, 'max_bins': 159}. Best is trial 6 with value: 0.8293640631668802.
[I 2026-09-24 12:49:43,794] Trial 7 finished with value: 0.8246790767917527 and parameters: {'learning_rate': 0.011085122517311707, 'max_iter': 1383, 'max_leaf_nodes': 21, 'min_samples_leaf': 42, 'l2_regularization': 0.017654048052495083, 'max_bins': 163}. Best is trial 6 with value: 0.8293640631668802.
[I 2026-09-24 12:49:46,105] Trial 8 finished with value: 0.826550444860304 and parameters: {'learning_rate': 0.05143828405076928, 'max_iter': 440, 'max_leaf_nodes': 62, 'min_samples_leaf': 48, 'l2_regularization': 5.727904470799623, 'max_bins': 235}. Best is trial 6 with value: 0.8293640631668802.
[I 2026-09-24 12:49:54,883] Trial 9 finished with value: 0.798069536097705 and parameters: {'learning_rate': 0.059963338824126605, 'max_iter': 1399, 'max_leaf_nodes': 12, 'min_samples_leaf': 15, 'l2_regularization': 0.0015167330688076208, 'max_bins': 126}. Best is trial 6 with value: 0.8293640631668802.
[I 2026-09-24 12:49:56,626] Trial 10 finished with value: 0.8260776781903544 and parameters: {'learning_rate': 0.021207821084080435, 'max_iter': 287, 'max_leaf_nodes': 29, 'min_samples_leaf': 45, 'l2_regularization': 0.0022005886460738895, 'max_bins': 130}. Best is trial 6 with value: 0.8293640631668802.
[I 2026-09-24 12:50:04,629] Trial 11 finished with value: 0.827518959913326 and parameters: {'learning_rate': 0.01970058711812298, 'max_iter': 1379, 'max_leaf_nodes': 48, 'min_samples_leaf': 39, 'l2_regularization': 0.0010157353994061347, 'max_bins': 248}. Best is trial 6 with value: 0.8293640631668802.
[I 2026-09-24 12:50:09,364] Trial 12 finished with value: 0.8289109951081781 and parameters: {'learning_rate': 0.021141799337089647, 'max_iter': 607, 'max_leaf_nodes': 37, 'min_samples_leaf': 28, 'l2_regularization': 0.0015410556278839737, 'max_bins': 188}. Best is trial 6 with value: 0.8293640631668802.
[I 2026-09-24 12:50:12,991] Trial 13 finished with value: 0.8195574378672971 and parameters: {'learning_rate': 0.0389783952764357, 'max_iter': 426, 'max_leaf_nodes': 44, 'min_samples_leaf': 26, 'l2_regularization': 0.02000885652680976, 'max_bins': 183}. Best is trial 6 with value: 0.8293640631668802.
[I 2026-09-24 12:50:16,401] Trial 14 finished with value: 0.8312354312354311 and parameters: {'learning_rate': 0.01873543223171371, 'max_iter': 508, 'max_leaf_nodes': 46, 'min_samples_leaf': 35, 'l2_regularization': 0.0018675879840826404, 'max_bins': 183}. Best is trial 14 with value: 0.8312354312354311.
[12:50:20]   outer fold 4: 0.8483
[I 2026-09-24 12:50:20,814] A new study created in memory with name: no-name-8c67b148-4d41-4ac9-babd-63952eb6ae62
[I 2026-09-24 12:50:29,163] Trial 0 finished with value: 0.8122426868905743 and parameters: {'learning_rate': 0.030710573677773714, 'max_iter': 1436, 'max_leaf_nodes': 48, 'min_samples_leaf': 38, 'l2_regularization': 0.004207988669606638, 'max_bins': 93}. Best is trial 0 with value: 0.8122426868905743.
[I 2026-09-24 12:50:36,189] Trial 1 finished with value: 0.826268098099084 and parameters: {'learning_rate': 0.011900590783184251, 'max_iter': 1326, 'max_leaf_nodes': 41, 'min_samples_leaf': 44, 'l2_regularization': 0.0012087541473056963, 'max_bins': 250}. Best is trial 1 with value: 0.826268098099084.
[I 2026-09-24 12:50:40,380] Trial 2 finished with value: 0.8033586132177681 and parameters: {'learning_rate': 0.12106896936002161, 'max_iter': 476, 'max_leaf_nodes': 17, 'min_samples_leaf': 15, 'l2_regularization': 0.016480446427978974, 'max_bins': 164}. Best is trial 1 with value: 0.826268098099084.
[I 2026-09-24 12:50:49,155] Trial 3 finished with value: 0.7982041432745659 and parameters: {'learning_rate': 0.03647316284911211, 'max_iter': 578, 'max_leaf_nodes': 41, 'min_samples_leaf': 12, 'l2_regularization': 0.01474275315991467, 'max_bins': 134}. Best is trial 1 with value: 0.826268098099084.
[I 2026-09-24 12:50:57,063] Trial 4 finished with value: 0.8099116845595719 and parameters: {'learning_rate': 0.03920673972242137, 'max_iter': 1221, 'max_leaf_nodes': 18, 'min_samples_leaf': 33, 'l2_regularization': 0.23423849847112907, 'max_bins': 72}. Best is trial 1 with value: 0.826268098099084.
[I 2026-09-24 12:50:59,046] Trial 5 finished with value: 0.826268098099084 and parameters: {'learning_rate': 0.061721159481070736, 'max_iter': 421, 'max_leaf_nodes': 10, 'min_samples_leaf': 58, 'l2_regularization': 7.2866537374910445, 'max_bins': 219}. Best is trial 1 with value: 0.826268098099084.
[I 2026-09-24 12:51:01,690] Trial 6 finished with value: 0.8211464591746281 and parameters: {'learning_rate': 0.0249064396938244, 'max_iter': 327, 'max_leaf_nodes': 46, 'min_samples_leaf': 29, 'l2_regularization': 0.003077180271250686, 'max_bins': 159}. Best is trial 1 with value: 0.826268098099084.
[I 2026-09-24 12:51:09,212] Trial 7 finished with value: 0.8276831150070588 and parameters: {'learning_rate': 0.011085122517311707, 'max_iter': 1383, 'max_leaf_nodes': 21, 'min_samples_leaf': 42, 'l2_regularization': 0.017654048052495083, 'max_bins': 163}. Best is trial 7 with value: 0.8276831150070588.
[I 2026-09-24 12:51:11,541] Trial 8 finished with value: 0.8253324140648084 and parameters: {'learning_rate': 0.05143828405076928, 'max_iter': 440, 'max_leaf_nodes': 62, 'min_samples_leaf': 48, 'l2_regularization': 5.727904470799623, 'max_bins': 235}. Best is trial 7 with value: 0.8276831150070588.
[I 2026-09-24 12:51:20,331] Trial 9 finished with value: 0.7968022587740896 and parameters: {'learning_rate': 0.059963338824126605, 'max_iter': 1399, 'max_leaf_nodes': 12, 'min_samples_leaf': 15, 'l2_regularization': 0.0015167330688076208, 'max_bins': 126}. Best is trial 7 with value: 0.8276831150070588.
[I 2026-09-24 12:51:26,254] Trial 10 finished with value: 0.8206408614859321 and parameters: {'learning_rate': 0.01325811418704915, 'max_iter': 1373, 'max_leaf_nodes': 7, 'min_samples_leaf': 13, 'l2_regularization': 0.001898216490282297, 'max_bins': 228}. Best is trial 7 with value: 0.8276831150070588.
[I 2026-09-24 12:51:34,521] Trial 11 finished with value: 0.8216028103352048 and parameters: {'learning_rate': 0.01970058711812298, 'max_iter': 1431, 'max_leaf_nodes': 48, 'min_samples_leaf': 39, 'l2_regularization': 0.0010181594736407551, 'max_bins': 248}. Best is trial 7 with value: 0.8276831150070588.
[I 2026-09-24 12:51:41,236] Trial 12 finished with value: 0.8304967333136347 and parameters: {'learning_rate': 0.014335368381422998, 'max_iter': 1153, 'max_leaf_nodes': 18, 'min_samples_leaf': 39, 'l2_regularization': 0.0023854959729381875, 'max_bins': 189}. Best is trial 12 with value: 0.8304967333136347.
[I 2026-09-24 12:51:51,245] Trial 13 finished with value: 0.8164581896976265 and parameters: {'learning_rate': 0.01600013954432555, 'max_iter': 1457, 'max_leaf_nodes': 20, 'min_samples_leaf': 31, 'l2_regularization': 0.060883595867095686, 'max_bins': 179}. Best is trial 12 with value: 0.8304967333136347.
[I 2026-09-24 12:51:57,612] Trial 14 finished with value: 0.8262812305065825 and parameters: {'learning_rate': 0.019500125184459417, 'max_iter': 1156, 'max_leaf_nodes': 22, 'min_samples_leaf': 42, 'l2_regularization': 0.0206539939249867, 'max_bins': 230}. Best is trial 12 with value: 0.8304967333136347.
[12:52:03]   outer fold 5: 0.8380
[I 2026-09-24 12:52:03,352] A new study created in memory with name: no-name-666ef394-232a-49e0-8485-68ace65adef9
[I 2026-09-24 12:52:11,766] Trial 0 finished with value: 0.7952329360780065 and parameters: {'learning_rate': 0.030710573677773714, 'max_iter': 1436, 'max_leaf_nodes': 48, 'min_samples_leaf': 38, 'l2_regularization': 0.004207988669606638, 'max_bins': 93}. Best is trial 0 with value: 0.7952329360780065.
[I 2026-09-24 12:52:18,804] Trial 1 finished with value: 0.8130339144423652 and parameters: {'learning_rate': 0.011900590783184251, 'max_iter': 1326, 'max_leaf_nodes': 41, 'min_samples_leaf': 44, 'l2_regularization': 0.0012087541473056963, 'max_bins': 250}. Best is trial 1 with value: 0.8130339144423652.
[I 2026-09-24 12:52:22,964] Trial 2 finished with value: 0.776519255392495 and parameters: {'learning_rate': 0.12106896936002161, 'max_iter': 476, 'max_leaf_nodes': 17, 'min_samples_leaf': 15, 'l2_regularization': 0.016480446427978974, 'max_bins': 164}. Best is trial 1 with value: 0.8130339144423652.
[I 2026-09-24 12:52:31,779] Trial 3 finished with value: 0.7905512328047538 and parameters: {'learning_rate': 0.03647316284911211, 'max_iter': 578, 'max_leaf_nodes': 41, 'min_samples_leaf': 12, 'l2_regularization': 0.01474275315991467, 'max_bins': 134}. Best is trial 1 with value: 0.8130339144423652.
[I 2026-09-24 12:52:39,673] Trial 4 finished with value: 0.7914967661446534 and parameters: {'learning_rate': 0.03920673972242137, 'max_iter': 1221, 'max_leaf_nodes': 18, 'min_samples_leaf': 33, 'l2_regularization': 0.23423849847112907, 'max_bins': 72}. Best is trial 1 with value: 0.8130339144423652.
[I 2026-09-24 12:52:41,659] Trial 5 finished with value: 0.8195672871729209 and parameters: {'learning_rate': 0.061721159481070736, 'max_iter': 421, 'max_leaf_nodes': 10, 'min_samples_leaf': 58, 'l2_regularization': 7.2866537374910445, 'max_bins': 219}. Best is trial 5 with value: 0.8195672871729209.
[I 2026-09-24 12:52:44,292] Trial 6 finished with value: 0.8162940346038938 and parameters: {'learning_rate': 0.0249064396938244, 'max_iter': 327, 'max_leaf_nodes': 46, 'min_samples_leaf': 29, 'l2_regularization': 0.003077180271250686, 'max_bins': 159}. Best is trial 5 with value: 0.8195672871729209.
[I 2026-09-24 12:52:51,796] Trial 7 finished with value: 0.8139663153747659 and parameters: {'learning_rate': 0.011085122517311707, 'max_iter': 1383, 'max_leaf_nodes': 21, 'min_samples_leaf': 42, 'l2_regularization': 0.017654048052495083, 'max_bins': 163}. Best is trial 5 with value: 0.8195672871729209.
[I 2026-09-24 12:52:54,124] Trial 8 finished with value: 0.8172297186381693 and parameters: {'learning_rate': 0.05143828405076928, 'max_iter': 440, 'max_leaf_nodes': 62, 'min_samples_leaf': 48, 'l2_regularization': 5.727904470799623, 'max_bins': 235}. Best is trial 5 with value: 0.8195672871729209.
[I 2026-09-24 12:53:02,890] Trial 9 finished with value: 0.7769953051643192 and parameters: {'learning_rate': 0.059963338824126605, 'max_iter': 1399, 'max_leaf_nodes': 12, 'min_samples_leaf': 15, 'l2_regularization': 0.0015167330688076208, 'max_bins': 126}. Best is trial 5 with value: 0.8195672871729209.
[I 2026-09-24 12:53:05,006] Trial 10 finished with value: 0.8036475261827375 and parameters: {'learning_rate': 0.19166084540609485, 'max_iter': 414, 'max_leaf_nodes': 19, 'min_samples_leaf': 53, 'l2_regularization': 0.6698181386932585, 'max_bins': 181}. Best is trial 5 with value: 0.8195672871729209.
[I 2026-09-24 12:53:08,173] Trial 11 finished with value: 0.8106799303982402 and parameters: {'learning_rate': 0.08031879473491466, 'max_iter': 714, 'max_leaf_nodes': 43, 'min_samples_leaf': 59, 'l2_regularization': 2.7856488040219944, 'max_bins': 252}. Best is trial 5 with value: 0.8195672871729209.
[I 2026-09-24 12:53:11,341] Trial 12 finished with value: 0.81863488624052 and parameters: {'learning_rate': 0.030501300343626424, 'max_iter': 666, 'max_leaf_nodes': 12, 'min_samples_leaf': 53, 'l2_regularization': 2.2170343792525133, 'max_bins': 250}. Best is trial 5 with value: 0.8195672871729209.
[I 2026-09-24 12:53:16,274] Trial 13 finished with value: 0.8031780426146623 and parameters: {'learning_rate': 0.052679305345093706, 'max_iter': 927, 'max_leaf_nodes': 15, 'min_samples_leaf': 43, 'l2_regularization': 3.4477068661263393, 'max_bins': 219}. Best is trial 5 with value: 0.8195672871729209.
[I 2026-09-24 12:53:19,216] Trial 14 finished with value: 0.8116221806362651 and parameters: {'learning_rate': 0.029346968378880574, 'max_iter': 684, 'max_leaf_nodes': 10, 'min_samples_leaf': 59, 'l2_regularization': 9.681067094385586, 'max_bins': 188}. Best is trial 5 with value: 0.8195672871729209.
[12:53:23]   outer fold 6: 0.8764
[I 2026-09-24 12:53:23,023] A new study created in memory with name: no-name-dc793ad7-a190-49c9-80bf-136cc1f7da31
[I 2026-09-24 12:53:31,393] Trial 0 finished with value: 0.8223218096457533 and parameters: {'learning_rate': 0.030710573677773714, 'max_iter': 1436, 'max_leaf_nodes': 48, 'min_samples_leaf': 38, 'l2_regularization': 0.004207988669606638, 'max_bins': 93}. Best is trial 0 with value: 0.8223218096457533.
[I 2026-09-24 12:53:38,400] Trial 1 finished with value: 0.8368035720148396 and parameters: {'learning_rate': 0.011900590783184251, 'max_iter': 1326, 'max_leaf_nodes': 41, 'min_samples_leaf': 44, 'l2_regularization': 0.0012087541473056963, 'max_bins': 250}. Best is trial 1 with value: 0.8368035720148396.
[I 2026-09-24 12:53:42,592] Trial 2 finished with value: 0.8087724482090679 and parameters: {'learning_rate': 0.12106896936002161, 'max_iter': 476, 'max_leaf_nodes': 17, 'min_samples_leaf': 15, 'l2_regularization': 0.016480446427978974, 'max_bins': 164}. Best is trial 1 with value: 0.8368035720148396.
[I 2026-09-24 12:53:51,266] Trial 3 finished with value: 0.8120555500837192 and parameters: {'learning_rate': 0.03647316284911211, 'max_iter': 578, 'max_leaf_nodes': 41, 'min_samples_leaf': 12, 'l2_regularization': 0.01474275315991467, 'max_bins': 134}. Best is trial 1 with value: 0.8368035720148396.
[I 2026-09-24 12:53:59,133] Trial 4 finished with value: 0.8172165862306707 and parameters: {'learning_rate': 0.03920673972242137, 'max_iter': 1221, 'max_leaf_nodes': 18, 'min_samples_leaf': 33, 'l2_regularization': 0.23423849847112907, 'max_bins': 72}. Best is trial 1 with value: 0.8368035720148396.
[I 2026-09-24 12:54:01,131] Trial 5 finished with value: 0.8363472208542632 and parameters: {'learning_rate': 0.061721159481070736, 'max_iter': 421, 'max_leaf_nodes': 10, 'min_samples_leaf': 58, 'l2_regularization': 7.2866537374910445, 'max_bins': 219}. Best is trial 1 with value: 0.8368035720148396.
[I 2026-09-24 12:54:03,755] Trial 6 finished with value: 0.829797432614334 and parameters: {'learning_rate': 0.0249064396938244, 'max_iter': 327, 'max_leaf_nodes': 46, 'min_samples_leaf': 29, 'l2_regularization': 0.003077180271250686, 'max_bins': 159}. Best is trial 1 with value: 0.8368035720148396.
[I 2026-09-24 12:54:11,332] Trial 7 finished with value: 0.8330575527758626 and parameters: {'learning_rate': 0.011085122517311707, 'max_iter': 1383, 'max_leaf_nodes': 21, 'min_samples_leaf': 42, 'l2_regularization': 0.017654048052495083, 'max_bins': 163}. Best is trial 1 with value: 0.8368035720148396.
[I 2026-09-24 12:54:13,630] Trial 8 finished with value: 0.8386782231852655 and parameters: {'learning_rate': 0.05143828405076928, 'max_iter': 440, 'max_leaf_nodes': 62, 'min_samples_leaf': 48, 'l2_regularization': 5.727904470799623, 'max_bins': 235}. Best is trial 8 with value: 0.8386782231852655.
[I 2026-09-24 12:54:22,432] Trial 9 finished with value: 0.8041071604451886 and parameters: {'learning_rate': 0.059963338824126605, 'max_iter': 1399, 'max_leaf_nodes': 12, 'min_samples_leaf': 15, 'l2_regularization': 0.0015167330688076208, 'max_bins': 126}. Best is trial 8 with value: 0.8386782231852655.
[I 2026-09-24 12:54:25,105] Trial 10 finished with value: 0.8316589513772612 and parameters: {'learning_rate': 0.0606380605693341, 'max_iter': 562, 'max_leaf_nodes': 55, 'min_samples_leaf': 56, 'l2_regularization': 0.4227921294738324, 'max_bins': 144}. Best is trial 8 with value: 0.8386782231852655.
[I 2026-09-24 12:54:31,414] Trial 11 finished with value: 0.8279556124626547 and parameters: {'learning_rate': 0.02390813517921348, 'max_iter': 1327, 'max_leaf_nodes': 37, 'min_samples_leaf': 51, 'l2_regularization': 0.0028734189911825, 'max_bins': 243}. Best is trial 8 with value: 0.8386782231852655.
[I 2026-09-24 12:54:34,776] Trial 12 finished with value: 0.8279129321382843 and parameters: {'learning_rate': 0.01051748593840311, 'max_iter': 746, 'max_leaf_nodes': 50, 'min_samples_leaf': 54, 'l2_regularization': 3.790743445256302, 'max_bins': 236}. Best is trial 8 with value: 0.8386782231852655.
[I 2026-09-24 12:54:37,269] Trial 13 finished with value: 0.8256081946222792 and parameters: {'learning_rate': 0.09180880654210354, 'max_iter': 428, 'max_leaf_nodes': 55, 'min_samples_leaf': 43, 'l2_regularization': 1.5993012100860127, 'max_bins': 214}. Best is trial 8 with value: 0.8386782231852655.
[I 2026-09-24 12:54:43,752] Trial 14 finished with value: 0.8321481335565842 and parameters: {'learning_rate': 0.019782768808762303, 'max_iter': 1175, 'max_leaf_nodes': 52, 'min_samples_leaf': 42, 'l2_regularization': 0.34585315281148765, 'max_bins': 247}. Best is trial 8 with value: 0.8386782231852655.
[12:54:47]   outer fold 7: 0.8090
[I 2026-09-24 12:54:47,653] A new study created in memory with name: no-name-f7207682-f499-4756-9d28-24489cc85935
[I 2026-09-24 12:54:56,016] Trial 0 finished with value: 0.8138776716241505 and parameters: {'learning_rate': 0.030710573677773714, 'max_iter': 1436, 'max_leaf_nodes': 48, 'min_samples_leaf': 38, 'l2_regularization': 0.004207988669606638, 'max_bins': 93}. Best is trial 0 with value: 0.8138776716241505.
[I 2026-09-24 12:55:03,021] Trial 1 finished with value: 0.823726977248104 and parameters: {'learning_rate': 0.011900590783184251, 'max_iter': 1326, 'max_leaf_nodes': 41, 'min_samples_leaf': 44, 'l2_regularization': 0.0012087541473056963, 'max_bins': 250}. Best is trial 1 with value: 0.823726977248104.
[I 2026-09-24 12:55:07,204] Trial 2 finished with value: 0.8105978528513741 and parameters: {'learning_rate': 0.12106896936002161, 'max_iter': 476, 'max_leaf_nodes': 17, 'min_samples_leaf': 15, 'l2_regularization': 0.016480446427978974, 'max_bins': 164}. Best is trial 1 with value: 0.823726977248104.
[I 2026-09-24 12:55:15,908] Trial 3 finished with value: 0.811077185725073 and parameters: {'learning_rate': 0.03647316284911211, 'max_iter': 578, 'max_leaf_nodes': 41, 'min_samples_leaf': 12, 'l2_regularization': 0.01474275315991467, 'max_bins': 134}. Best is trial 1 with value: 0.823726977248104.
[I 2026-09-24 12:55:23,777] Trial 4 finished with value: 0.8026494632128435 and parameters: {'learning_rate': 0.03920673972242137, 'max_iter': 1221, 'max_leaf_nodes': 18, 'min_samples_leaf': 33, 'l2_regularization': 0.23423849847112907, 'max_bins': 72}. Best is trial 1 with value: 0.823726977248104.
[I 2026-09-24 12:55:25,753] Trial 5 finished with value: 0.8176630880856234 and parameters: {'learning_rate': 0.061721159481070736, 'max_iter': 421, 'max_leaf_nodes': 10, 'min_samples_leaf': 58, 'l2_regularization': 7.2866537374910445, 'max_bins': 219}. Best is trial 1 with value: 0.823726977248104.
[I 2026-09-24 12:55:28,371] Trial 6 finished with value: 0.8298007157162088 and parameters: {'learning_rate': 0.0249064396938244, 'max_iter': 327, 'max_leaf_nodes': 46, 'min_samples_leaf': 29, 'l2_regularization': 0.003077180271250686, 'max_bins': 159}. Best is trial 6 with value: 0.8298007157162088.
[I 2026-09-24 12:55:35,853] Trial 7 finished with value: 0.8288880133950557 and parameters: {'learning_rate': 0.011085122517311707, 'max_iter': 1383, 'max_leaf_nodes': 21, 'min_samples_leaf': 42, 'l2_regularization': 0.017654048052495083, 'max_bins': 163}. Best is trial 6 with value: 0.8298007157162088.
[I 2026-09-24 12:55:38,146] Trial 8 finished with value: 0.8190616894842246 and parameters: {'learning_rate': 0.05143828405076928, 'max_iter': 440, 'max_leaf_nodes': 62, 'min_samples_leaf': 48, 'l2_regularization': 5.727904470799623, 'max_bins': 235}. Best is trial 6 with value: 0.8298007157162088.
[I 2026-09-24 12:55:46,950] Trial 9 finished with value: 0.8082602843166222 and parameters: {'learning_rate': 0.059963338824126605, 'max_iter': 1399, 'max_leaf_nodes': 12, 'min_samples_leaf': 15, 'l2_regularization': 0.0015167330688076208, 'max_bins': 126}. Best is trial 6 with value: 0.8298007157162088.
[I 2026-09-24 12:55:48,706] Trial 10 finished with value: 0.8195246068485506 and parameters: {'learning_rate': 0.021207821084080435, 'max_iter': 287, 'max_leaf_nodes': 29, 'min_samples_leaf': 45, 'l2_regularization': 0.0022005886460738895, 'max_bins': 130}. Best is trial 6 with value: 0.8298007157162088.
[I 2026-09-24 12:55:53,800] Trial 11 finished with value: 0.8269936636133818 and parameters: {'learning_rate': 0.017788907182044764, 'max_iter': 739, 'max_leaf_nodes': 60, 'min_samples_leaf': 32, 'l2_regularization': 0.0037214549618190336, 'max_bins': 186}. Best is trial 6 with value: 0.8298007157162088.
[I 2026-09-24 12:55:58,484] Trial 12 finished with value: 0.8237302603499788 and parameters: {'learning_rate': 0.014720292170747442, 'max_iter': 786, 'max_leaf_nodes': 19, 'min_samples_leaf': 39, 'l2_regularization': 0.0024595597978347293, 'max_bins': 183}. Best is trial 6 with value: 0.8298007157162088.
[I 2026-09-24 12:56:11,648] Trial 13 finished with value: 0.8054597984175449 and parameters: {'learning_rate': 0.025329342432844407, 'max_iter': 1351, 'max_leaf_nodes': 34, 'min_samples_leaf': 20, 'l2_regularization': 0.017416487505379216, 'max_bins': 176}. Best is trial 6 with value: 0.8298007157162088.
[I 2026-09-24 12:56:17,501] Trial 14 finished with value: 0.8246757936898781 and parameters: {'learning_rate': 0.018535111143919463, 'max_iter': 991, 'max_leaf_nodes': 40, 'min_samples_leaf': 39, 'l2_regularization': 0.0645606267375423, 'max_bins': 166}. Best is trial 6 with value: 0.8298007157162088.
[12:56:21]   outer fold 8: 0.8258
[I 2026-09-24 12:56:21,520] A new study created in memory with name: no-name-f0636929-dc67-46dc-81bd-23fb44945fd2
[I 2026-09-24 12:56:29,913] Trial 0 finished with value: 0.8026921435372141 and parameters: {'learning_rate': 0.030710573677773714, 'max_iter': 1436, 'max_leaf_nodes': 48, 'min_samples_leaf': 38, 'l2_regularization': 0.004207988669606638, 'max_bins': 93}. Best is trial 0 with value: 0.8026921435372141.
[I 2026-09-24 12:56:36,913] Trial 1 finished with value: 0.8176204077612529 and parameters: {'learning_rate': 0.011900590783184251, 'max_iter': 1326, 'max_leaf_nodes': 41, 'min_samples_leaf': 44, 'l2_regularization': 0.0012087541473056963, 'max_bins': 250}. Best is trial 1 with value: 0.8176204077612529.
[I 2026-09-24 12:56:41,094] Trial 2 finished with value: 0.7914606520240323 and parameters: {'learning_rate': 0.12106896936002161, 'max_iter': 476, 'max_leaf_nodes': 17, 'min_samples_leaf': 15, 'l2_regularization': 0.016480446427978974, 'max_bins': 164}. Best is trial 1 with value: 0.8176204077612529.
[I 2026-09-24 12:56:49,873] Trial 3 finished with value: 0.7956630224235859 and parameters: {'learning_rate': 0.03647316284911211, 'max_iter': 578, 'max_leaf_nodes': 41, 'min_samples_leaf': 12, 'l2_regularization': 0.01474275315991467, 'max_bins': 134}. Best is trial 1 with value: 0.8176204077612529.
[I 2026-09-24 12:56:57,827] Trial 4 finished with value: 0.7914705013296566 and parameters: {'learning_rate': 0.03920673972242137, 'max_iter': 1221, 'max_leaf_nodes': 18, 'min_samples_leaf': 33, 'l2_regularization': 0.23423849847112907, 'max_bins': 72}. Best is trial 1 with value: 0.8176204077612529.
[I 2026-09-24 12:56:59,824] Trial 5 finished with value: 0.817137791785679 and parameters: {'learning_rate': 0.061721159481070736, 'max_iter': 421, 'max_leaf_nodes': 10, 'min_samples_leaf': 58, 'l2_regularization': 7.2866537374910445, 'max_bins': 219}. Best is trial 1 with value: 0.8176204077612529.
[I 2026-09-24 12:57:02,481] Trial 6 finished with value: 0.8195344561541745 and parameters: {'learning_rate': 0.0249064396938244, 'max_iter': 327, 'max_leaf_nodes': 46, 'min_samples_leaf': 29, 'l2_regularization': 0.003077180271250686, 'max_bins': 159}. Best is trial 6 with value: 0.8195344561541745.
[I 2026-09-24 12:57:10,003] Trial 7 finished with value: 0.8213664270002298 and parameters: {'learning_rate': 0.011085122517311707, 'max_iter': 1383, 'max_leaf_nodes': 21, 'min_samples_leaf': 42, 'l2_regularization': 0.017654048052495083, 'max_bins': 163}. Best is trial 7 with value: 0.8213664270002298.
[I 2026-09-24 12:57:12,292] Trial 8 finished with value: 0.8269838143077578 and parameters: {'learning_rate': 0.05143828405076928, 'max_iter': 440, 'max_leaf_nodes': 62, 'min_samples_leaf': 48, 'l2_regularization': 5.727904470799623, 'max_bins': 235}. Best is trial 8 with value: 0.8269838143077578.
[I 2026-09-24 12:57:21,097] Trial 9 finished with value: 0.7895860008536065 and parameters: {'learning_rate': 0.059963338824126605, 'max_iter': 1399, 'max_leaf_nodes': 12, 'min_samples_leaf': 15, 'l2_regularization': 0.0015167330688076208, 'max_bins': 126}. Best is trial 8 with value: 0.8269838143077578.
[I 2026-09-24 12:57:23,791] Trial 10 finished with value: 0.8162152401589021 and parameters: {'learning_rate': 0.0606380605693341, 'max_iter': 562, 'max_leaf_nodes': 55, 'min_samples_leaf': 56, 'l2_regularization': 0.4227921294738324, 'max_bins': 144}. Best is trial 8 with value: 0.8269838143077578.
[I 2026-09-24 12:57:28,446] Trial 11 finished with value: 0.8054827801306673 and parameters: {'learning_rate': 0.09001139729224722, 'max_iter': 1069, 'max_leaf_nodes': 45, 'min_samples_leaf': 59, 'l2_regularization': 0.7850179404121057, 'max_bins': 250}. Best is trial 8 with value: 0.8269838143077578.
[I 2026-09-24 12:57:30,299] Trial 12 finished with value: 0.8255852129091565 and parameters: {'learning_rate': 0.037578567145802, 'max_iter': 292, 'max_leaf_nodes': 45, 'min_samples_leaf': 38, 'l2_regularization': 5.2352667101196495, 'max_bins': 193}. Best is trial 8 with value: 0.8269838143077578.
[I 2026-09-24 12:57:32,359] Trial 13 finished with value: 0.8213795594077286 and parameters: {'learning_rate': 0.06300601923515317, 'max_iter': 304, 'max_leaf_nodes': 50, 'min_samples_leaf': 35, 'l2_regularization': 4.39250215538468, 'max_bins': 187}. Best is trial 8 with value: 0.8269838143077578.
[I 2026-09-24 12:57:33,933] Trial 14 finished with value: 0.8227518959913326 and parameters: {'learning_rate': 0.05765479992320396, 'max_iter': 295, 'max_leaf_nodes': 62, 'min_samples_leaf': 54, 'l2_regularization': 1.9169518864680637, 'max_bins': 248}. Best is trial 8 with value: 0.8269838143077578.
[12:57:37]   outer fold 9: 0.8596
[12:57:37] NESTED CV: 0.8406 (+/- 0.0073 SEM)
[12:57:37] TASK 14 done.
[12:57:37] FINAL SPEC: {"members": ["rf", "hgb", "lr"], "avg_seeds": {}, "ticket": false, "farepp": false, "imputer": "median", "target_enc": false, "hygiene": false}
[12:57:37] FINAL 50-fold CV: 0.8365 (+/- 0.0035)
[12:57:37] ALL DONE
